Archive member included to satisfy reference by file (symbol)

C:/ST/STM32CubeIDE_1.14.1/STM32CubeIDE/plugins/com.st.stm32cube.ide.mcu.externaltools.gnu-tools-for-stm32.11.3.rel1.win32_1.1.100.202309141235/tools/bin/../lib/gcc/arm-none-eabi/11.3.1/../../../../arm-none-eabi/lib/thumb/v6-m/nofp\libc_nano.a(libc_a-exit.o)
                              C:/ST/STM32CubeIDE_1.14.1/STM32CubeIDE/plugins/com.st.stm32cube.ide.mcu.externaltools.gnu-tools-for-stm32.11.3.rel1.win32_1.1.100.202309141235/tools/bin/../lib/gcc/arm-none-eabi/11.3.1/../../../../arm-none-eabi/lib/thumb/v6-m/nofp/crt0.o (exit)
C:/ST/STM32CubeIDE_1.14.1/STM32CubeIDE/plugins/com.st.stm32cube.ide.mcu.externaltools.gnu-tools-for-stm32.11.3.rel1.win32_1.1.100.202309141235/tools/bin/../lib/gcc/arm-none-eabi/11.3.1/../../../../arm-none-eabi/lib/thumb/v6-m/nofp\libc_nano.a(libc_a-findfp.o)
                              C:/ST/STM32CubeIDE_1.14.1/STM32CubeIDE/plugins/com.st.stm32cube.ide.mcu.externaltools.gnu-tools-for-stm32.11.3.rel1.win32_1.1.100.202309141235/tools/bin/../lib/gcc/arm-none-eabi/11.3.1/../../../../arm-none-eabi/lib/thumb/v6-m/nofp\libc_nano.a(libc_a-exit.o) (__stdio_exit_handler)
C:/ST/STM32CubeIDE_1.14.1/STM32CubeIDE/plugins/com.st.stm32cube.ide.mcu.externaltools.gnu-tools-for-stm32.11.3.rel1.win32_1.1.100.202309141235/tools/bin/../lib/gcc/arm-none-eabi/11.3.1/../../../../arm-none-eabi/lib/thumb/v6-m/nofp\libc_nano.a(libc_a-fwalk.o)
                              C:/ST/STM32CubeIDE_1.14.1/STM32CubeIDE/plugins/com.st.stm32cube.ide.mcu.externaltools.gnu-tools-for-stm32.11.3.rel1.win32_1.1.100.202309141235/tools/bin/../lib/gcc/arm-none-eabi/11.3.1/../../../../arm-none-eabi/lib/thumb/v6-m/nofp\libc_nano.a(libc_a-findfp.o) (_fwalk_sglue)
C:/ST/STM32CubeIDE_1.14.1/STM32CubeIDE/plugins/com.st.stm32cube.ide.mcu.externaltools.gnu-tools-for-stm32.11.3.rel1.win32_1.1.100.202309141235/tools/bin/../lib/gcc/arm-none-eabi/11.3.1/../../../../arm-none-eabi/lib/thumb/v6-m/nofp\libc_nano.a(libc_a-stdio.o)
                              C:/ST/STM32CubeIDE_1.14.1/STM32CubeIDE/plugins/com.st.stm32cube.ide.mcu.externaltools.gnu-tools-for-stm32.11.3.rel1.win32_1.1.100.202309141235/tools/bin/../lib/gcc/arm-none-eabi/11.3.1/../../../../arm-none-eabi/lib/thumb/v6-m/nofp\libc_nano.a(libc_a-findfp.o) (__sread)
C:/ST/STM32CubeIDE_1.14.1/STM32CubeIDE/plugins/com.st.stm32cube.ide.mcu.externaltools.gnu-tools-for-stm32.11.3.rel1.win32_1.1.100.202309141235/tools/bin/../lib/gcc/arm-none-eabi/11.3.1/../../../../arm-none-eabi/lib/thumb/v6-m/nofp\libc_nano.a(libc_a-memset.o)
                              C:/ST/STM32CubeIDE_1.14.1/STM32CubeIDE/plugins/com.st.stm32cube.ide.mcu.externaltools.gnu-tools-for-stm32.11.3.rel1.win32_1.1.100.202309141235/tools/bin/../lib/gcc/arm-none-eabi/11.3.1/../../../../arm-none-eabi/lib/thumb/v6-m/nofp/crt0.o (memset)
C:/ST/STM32CubeIDE_1.14.1/STM32CubeIDE/plugins/com.st.stm32cube.ide.mcu.externaltools.gnu-tools-for-stm32.11.3.rel1.win32_1.1.100.202309141235/tools/bin/../lib/gcc/arm-none-eabi/11.3.1/../../../../arm-none-eabi/lib/thumb/v6-m/nofp\libc_nano.a(libc_a-closer.o)
                              C:/ST/STM32CubeIDE_1.14.1/STM32CubeIDE/plugins/com.st.stm32cube.ide.mcu.externaltools.gnu-tools-for-stm32.11.3.rel1.win32_1.1.100.202309141235/tools/bin/../lib/gcc/arm-none-eabi/11.3.1/../../../../arm-none-eabi/lib/thumb/v6-m/nofp\libc_nano.a(libc_a-stdio.o) (_close_r)
C:/ST/STM32CubeIDE_1.14.1/STM32CubeIDE/plugins/com.st.stm32cube.ide.mcu.externaltools.gnu-tools-for-stm32.11.3.rel1.win32_1.1.100.202309141235/tools/bin/../lib/gcc/arm-none-eabi/11.3.1/../../../../arm-none-eabi/lib/thumb/v6-m/nofp\libc_nano.a(libc_a-reent.o)
                              C:/ST/STM32CubeIDE_1.14.1/STM32CubeIDE/plugins/com.st.stm32cube.ide.mcu.externaltools.gnu-tools-for-stm32.11.3.rel1.win32_1.1.100.202309141235/tools/bin/../lib/gcc/arm-none-eabi/11.3.1/../../../../arm-none-eabi/lib/thumb/v6-m/nofp\libc_nano.a(libc_a-closer.o) (errno)
C:/ST/STM32CubeIDE_1.14.1/STM32CubeIDE/plugins/com.st.stm32cube.ide.mcu.externaltools.gnu-tools-for-stm32.11.3.rel1.win32_1.1.100.202309141235/tools/bin/../lib/gcc/arm-none-eabi/11.3.1/../../../../arm-none-eabi/lib/thumb/v6-m/nofp\libc_nano.a(libc_a-impure.o)
                              C:/ST/STM32CubeIDE_1.14.1/STM32CubeIDE/plugins/com.st.stm32cube.ide.mcu.externaltools.gnu-tools-for-stm32.11.3.rel1.win32_1.1.100.202309141235/tools/bin/../lib/gcc/arm-none-eabi/11.3.1/../../../../arm-none-eabi/lib/thumb/v6-m/nofp\libc_nano.a(libc_a-reent.o) (_impure_ptr)
C:/ST/STM32CubeIDE_1.14.1/STM32CubeIDE/plugins/com.st.stm32cube.ide.mcu.externaltools.gnu-tools-for-stm32.11.3.rel1.win32_1.1.100.202309141235/tools/bin/../lib/gcc/arm-none-eabi/11.3.1/../../../../arm-none-eabi/lib/thumb/v6-m/nofp\libc_nano.a(libc_a-lseekr.o)
[...]
Memory Configuration

Name             Origin             Length             Attributes
RAM              0x0000000020000000 0x0000000000001800 xrw
FLASH            0x0000000008000000 0x0000000000008000 xr
*default*        0x0000000000000000 0xffffffffffffffff

Linker script and memory map

LOAD C:/ST/STM32CubeIDE_1.14.1/STM32CubeIDE/plugins/com.st.stm32cube.ide.mcu.externaltools.gnu-tools-for-stm32.11.3.rel1.win32_1.1.100.202309141235/tools/bin/../lib/gcc/arm-none-eabi/11.3.1/thumb/v6-m/nofp/crti.o
LOAD C:/ST/STM32CubeIDE_1.14.1/STM32CubeIDE/plugins/com.st.stm32cube.ide.mcu.externaltools.gnu-tools-for-stm32.11.3.rel1.win32_1.1.100.202309141235/tools/bin/../lib/gcc/arm-none-eabi/11.3.1/thumb/v6-m/nofp/crtbegin.o
LOAD C:/ST/STM32CubeIDE_1.14.1/STM32CubeIDE/plugins/com.st.stm32cube.ide.mcu.externaltools.gnu-tools-for-stm32.11.3.rel1.win32_1.1.100.202309141235/tools/bin/../lib/gcc/arm-none-eabi/11.3.1/../../../../arm-none-eabi/lib/thumb/v6-m/nofp/crt0.o
LOAD ./Core/Src/button.o
LOAD ./Core/Src/gpio.o
LOAD ./Core/Src/main.o
LOAD ./Core/Src/stm32c0xx_hal_msp.o
LOAD ./Core/Src/stm32c0xx_it.o
LOAD ./Core/Src/syscalls.o
LOAD ./Core/Src/sysmem.o
LOAD ./Core/Src/system_stm32c0xx.o
LOAD ./Core/Src/tim.o
LOAD ./Core/Src/usart.o
LOAD ./Core/Startup/startup_stm32c011f6px.o
LOAD ./Drivers/STM32C0xx_HAL_Driver/Src/stm32c0xx_hal.o
LOAD ./Drivers/STM32C0xx_HAL_Driver/Src/stm32c0xx_hal_cortex.o
LOAD ./Drivers/STM32C0xx_HAL_Driver/Src/stm32c0xx_hal_dma.o
LOAD ./Drivers/STM32C0xx_HAL_Driver/Src/stm32c0xx_hal_dma_ex.o
LOAD ./Drivers/STM32C0xx_HAL_Driver/Src/stm32c0xx_hal_exti.o
LOAD ./Drivers/STM32C0xx_HAL_Driver/Src/stm32c0xx_hal_flash.o
LOAD ./Drivers/STM32C0xx_HAL_Driver/Src/stm32c0xx_hal_flash_ex.o
LOAD ./Drivers/STM32C0xx_HAL_Driver/Src/stm32c0xx_hal_gpio.o
LOAD ./Drivers/STM32C0xx_HAL_Driver/Src/stm32c0xx_hal_pwr.o
LOAD ./Drivers/STM32C0xx_HAL_Driver/Src/stm32c0xx_hal_pwr_ex.o
LOAD ./Drivers/STM32C0xx_HAL_Driver/Src/stm32c0xx_hal_rcc.o
LOAD ./Drivers/STM32C0xx_HAL_Driver/Src/stm32c0xx_hal_rcc_ex.o
LOAD ./Drivers/STM32C0xx_HAL_Driver/Src/stm32c0xx_hal_tim.o
LOAD ./Drivers/STM32C0xx_HAL_Driver/Src/stm32c0xx_hal_tim_ex.o
LOAD ./Drivers/STM32C0xx_HAL_Driver/Src/stm32c0xx_hal_uart.o
LOAD ./Drivers/STM32C0xx_HAL_Driver/Src/stm32c0xx_hal_uart_ex.o
START GROUP
LOAD C:/ST/STM32CubeIDE_1.14.1/STM32CubeIDE/plugins/com.st.stm32cube.ide.mcu.externaltools.gnu-tools-for-stm32.11.3.rel1.win32_1.1.100.202309141235/tools/bin/../lib/gcc/arm-none-eabi/11.3.1/../../../../arm-none-eabi/lib/thumb/v6-m/nofp\libc_nano.a
LOAD C:/ST/STM32CubeIDE_1.14.1/STM32CubeIDE/plugins/com.st.stm32cube.ide.mcu.externaltools.gnu-tools-for-stm32.11.3.rel1.win32_1.1.100.202309141235/tools/bin/../lib/gcc/arm-none-eabi/11.3.1/../../../../arm-none-eabi/lib/thumb/v6-m/nofp\libm.a
END GROUP
START GROUP
LOAD C:/ST/STM32CubeIDE_1.14.1/STM32CubeIDE/plugins/com.st.stm32cube.ide.mcu.externaltools.gnu-tools-for-stm32.11.3.rel1.win32_1.1.100.202309141235/tools/bin/../lib/gcc/arm-none-eabi/11.3.1/thumb/v6-m/nofp\libgcc.a
LOAD C:/ST/STM32CubeIDE_1.14.1/STM32CubeIDE/plugins/com.st.stm32cube.ide.mcu.externaltools.gnu-tools-for-stm32.11.3.rel1.win32_1.1.100.202309141235/tools/bin/../lib/gcc/arm-none-eabi/11.3.1/../../../../arm-none-eabi/lib/thumb/v6-m/nofp\libc_nano.a
END GROUP
START GROUP
LOAD C:/ST/STM32CubeIDE_1.14.1/STM32CubeIDE/plugins/com.st.stm32cube.ide.mcu.externaltools.gnu-tools-for-stm32.11.3.rel1.win32_1.1.100.202309141235/tools/bin/../lib/gcc/arm-none-eabi/11.3.1/thumb/v6-m/nofp\libgcc.a
LOAD C:/ST/STM32CubeIDE_1.14.1/STM32CubeIDE/plugins/com.st.stm32cube.ide.mcu.externaltools.gnu-tools-for-stm32.11.3.rel1.win32_1.1.100.202309141235/tools/bin/../lib/gcc/arm-none-eabi/11.3.1/../../../../arm-none-eabi/lib/thumb/v6-m/nofp\libc_nano.a
LOAD C:/ST/STM32CubeIDE_1.14.1/STM32CubeIDE/plugins/com.st.stm32cube.ide.mcu.externaltools.gnu-tools-for-stm32.11.3.rel1.win32_1.1.100.202309141235/tools/bin/../lib/gcc/arm-none-eabi/11.3.1/../../../../arm-none-eabi/lib/thumb/v6-m/nofp\libnosys.a
END GROUP
START GROUP
LOAD C:/ST/STM32CubeIDE_1.14.1/STM32CubeIDE/plugins/com.st.stm32cube.ide.mcu.externaltools.gnu-tools-for-stm32.11.3.rel1.win32_1.1.100.202309141235/tools/bin/../lib/gcc/arm-none-eabi/11.3.1/thumb/v6-m/nofp\libgcc.a
LOAD C:/ST/STM32CubeIDE_1.14.1/STM32CubeIDE/plugins/com.st.stm32cube.ide.mcu.externaltools.gnu-tools-for-stm32.11.3.rel1.win32_1.1.100.202309141235/tools/bin/../lib/gcc/arm-none-eabi/11.3.1/../../../../arm-none-eabi/lib/thumb/v6-m/nofp\libc_nano.a
LOAD C:/ST/STM32CubeIDE_1.14.1/STM32CubeIDE/plugins/com.st.stm32cube.ide.mcu.externaltools.gnu-tools-for-stm32.11.3.rel1.win32_1.1.100.202309141235/tools/bin/../lib/gcc/arm-none-eabi/11.3.1/../../../../arm-none-eabi/lib/thumb/v6-m/nofp\libnosys.a
END GROUP
LOAD C:/ST/STM32CubeIDE_1.14.1/STM32CubeIDE/plugins/com.st.stm32cube.ide.mcu.externaltools.gnu-tools-for-stm32.11.3.rel1.win32_1.1.100.202309141235/tools/bin/../lib/gcc/arm-none-eabi/11.3.1/thumb/v6-m/nofp/crtend.o
LOAD C:/ST/STM32CubeIDE_1.14.1/STM32CubeIDE/plugins/com.st.stm32cube.ide.mcu.externaltools.gnu-tools-for-stm32.11.3.rel1.win32_1.1.100.202309141235/tools/bin/../lib/gcc/arm-none-eabi/11.3.1/thumb/v6-m/nofp/crtn.o
                0x0000000020001800                _estack = (ORIGIN (RAM) + LENGTH (RAM))
                0x0000000000000200                _Min_Heap_Size = 0x200
                0x0000000000000400                _Min_Stack_Size = 0x400

.isr_vector     0x0000000008000000       0xc0
                0x0000000008000000                . = ALIGN (0x4)
 *(.isr_vector)
 .isr_vector    0x0000000008000000       0xc0 ./Core/Startup/startup_stm32c011f6px.o
                0x0000000008000000                g_pfnVectors
                0x00000000080000c0                . = ALIGN (0x4)

.text           0x00000000080000c0     0x2a6c
                0x00000000080000c0                . = ALIGN (0x4)
 *(.text)
 .text          0x00000000080000c0       0x48 C:/ST/STM32CubeIDE_1.14.1/STM32CubeIDE/plugins/com.st.stm32cube.ide.mcu.externaltools.gnu-tools-for-stm32.11.3.rel1.win32_1.1.100.202309141235/tools/bin/../lib/gcc/arm-none-eabi/11.3.1/thumb/v6-m/nofp/crtbegin.o
 .text          0x0000000008000108      0x114 C:/ST/STM32CubeIDE_1.14.1/STM32CubeIDE/plugins/com.st.stm32cube.ide.mcu.externaltools.gnu-tools-for-stm32.11.3.rel1.win32_1.1.100.202309141235/tools/bin/../lib/gcc/arm-none-eabi/11.3.1/thumb/v6-m/nofp\libgcc.a(_udivsi3.o)
                0x0000000008000108                __aeabi_uidiv
                0x0000000008000108                __udivsi3
                0x0000000008000214                __aeabi_uidivmod
 .text          0x000000000800021c      0x1d4 C:/ST/STM32CubeIDE_1.14.1/STM32CubeIDE/plugins/com.st.stm32cube.ide.mcu.externaltools.gnu-tools-for-stm32.11.3.rel1.win32_1.1.100.202309141235/tools/bin/../lib/gcc/arm-none-eabi/11.3.1/thumb/v6-m/nofp\libgcc.a(_divsi3.o)
                0x000000000800021c                __divsi3
                0x000000000800021c                __aeabi_idiv
                0x00000000080003e8                __aeabi_idivmod
 .text          0x00000000080003f0        0x4 C:/ST/STM32CubeIDE_1.14.1/STM32CubeIDE/plugins/com.st.stm32cube.ide.mcu.externaltools.gnu-tools-for-stm32.11.3.rel1.win32_1.1.100.202309141235/tools/bin/../lib/gcc/arm-none-eabi/11.3.1/thumb/v6-m/nofp\libgcc.a(_dvmd_tls.o)
                0x00000000080003f0                __aeabi_idiv0
                0x00000000080003f0                __aeabi_ldiv0
 *(.text*)
 .text.Button_Update
                0x00000000080003f4      0x310 ./Core/Src/button.o
                0x00000000080003f4                Button_Update
 .text.MX_GPIO_Init
                0x0000000008000704       0xc4 ./Core/Src/gpio.o
                0x0000000008000704                MX_GPIO_Init
 .text.main     0x00000000080007c8       0xa0 ./Core/Src/main.o
                0x00000000080007c8                main
 .text.SystemClock_Config
                0x0000000008000868       0x88 ./Core/Src/main.o
                0x0000000008000868                SystemClock_Config
 .text.HAL_TIM_PeriodElapsedCallback
                0x00000000080008f0       0x24 ./Core/Src/main.o
                0x00000000080008f0                HAL_TIM_PeriodElapsedCallback
 .text.InitialLongPress
                0x0000000008000914       0xec ./Core/Src/main.o
                0x0000000008000914                InitialLongPress
 .text.Button_ShortRelease
                0x0000000008000a00       0x14 ./Core/Src/main.o
                0x0000000008000a00                Button_ShortRelease
 .text.Button_LongPress
                0x0000000008000a14       0x14 ./Core/Src/main.o
                0x0000000008000a14                Button_LongPress
 .text.Button_LongRelease
                0x0000000008000a28       0x14 ./Core/Src/main.o
                0x0000000008000a28                Button_LongRelease
 .text.Error_Handler
                0x0000000008000a3c        0xa ./Core/Src/main.o
                0x0000000008000a3c                Error_Handler
 *fill*         0x0000000008000a46        0x2 
 .text.HAL_MspInit
                0x0000000008000a48       0x48 ./Core/Src/stm32c0xx_hal_msp.o
                0x0000000008000a48                HAL_MspInit
 .text.NMI_Handler
                0x0000000008000a90        0x6 ./Core/Src/stm32c0xx_it.o
                0x0000000008000a90                NMI_Handler
 .text.HardFault_Handler
                0x0000000008000a96        0x6 ./Core/Src/stm32c0xx_it.o
                0x0000000008000a96                HardFault_Handler
 .text.SVC_Handler
                0x0000000008000a9c        0xa ./Core/Src/stm32c0xx_it.o
                0x0000000008000a9c                SVC_Handler
 .text.PendSV_Handler
                0x0000000008000aa6        0xa ./Core/Src/stm32c0xx_it.o
                0x0000000008000aa6                PendSV_Handler
 .text.SysTick_Handler
                0x0000000008000ab0        0xe ./Core/Src/stm32c0xx_it.o
                0x0000000008000ab0                SysTick_Handler
 *fill*         0x0000000008000abe        0x2 
 .text.TIM17_IRQHandler
                0x0000000008000ac0       0x18 ./Core/Src/stm32c0xx_it.o
                0x0000000008000ac0                TIM17_IRQHandler
 .text.SystemInit
                0x0000000008000ad8       0x18 ./Core/Src/system_stm32c0xx.o
                0x0000000008000ad8                SystemInit
 .text.MX_TIM17_Init
                0x0000000008000af0       0x50 ./Core/Src/tim.o
                0x0000000008000af0                MX_TIM17_Init
 .text.HAL_TIM_Base_MspInit
                0x0000000008000b40       0x50 ./Core/Src/tim.o
                0x0000000008000b40                HAL_TIM_Base_MspInit
 .text.MX_USART1_UART_Init
                0x0000000008000b90       0x9c ./Core/Src/usart.o
                0x0000000008000b90                MX_USART1_UART_Init
 .text.HAL_UART_MspInit
                0x0000000008000c2c      0x10c ./Core/Src/usart.o
                0x0000000008000c2c                HAL_UART_MspInit
 .text.Reset_Handler
                0x0000000008000d38       0x50 ./Core/Startup/startup_stm32c011f6px.o
                0x0000000008000d38                Reset_Handler
 .text.Default_Handler
                0x0000000008000d88        0x2 ./Core/Startup/startup_stm32c011f6px.o
                0x0000000008000d88                TIM1_CC_IRQHandler
                0x0000000008000d88                I2C1_IRQHandler
                0x0000000008000d88                DMAMUX1_IRQHandler
                0x0000000008000d88                SPI1_IRQHandler
                0x0000000008000d88                EXTI2_3_IRQHandler
                0x0000000008000d88                ADC1_IRQHandler
                0x0000000008000d88                RTC_IRQHandler
                0x0000000008000d88                TIM16_IRQHandler
                0x0000000008000d88                TIM3_IRQHandler
                0x0000000008000d88                EXTI4_15_IRQHandler
                0x0000000008000d88                RCC_IRQHandler
                0x0000000008000d88                DMA1_Channel1_IRQHandler
                0x0000000008000d88                Default_Handler
                0x0000000008000d88                TIM14_IRQHandler
                0x0000000008000d88                EXTI0_1_IRQHandler
                0x0000000008000d88                WWDG_IRQHandler
                0x0000000008000d88                DMA1_Channel2_3_IRQHandler
                0x0000000008000d88                USART2_IRQHandler
                0x0000000008000d88                FLASH_IRQHandler
                0x0000000008000d88                USART1_IRQHandler
                0x0000000008000d88                TIM1_BRK_UP_TRG_COM_IRQHandler
 .text.HAL_Init
                0x0000000008000d8a       0x2e ./Drivers/STM32C0xx_HAL_Driver/Src/stm32c0xx_hal.o
                0x0000000008000d8a                HAL_Init
 .text.HAL_InitTick
                0x0000000008000db8       0x94 ./Drivers/STM32C0xx_HAL_Driver/Src/stm32c0xx_hal.o
                0x0000000008000db8                HAL_InitTick
 .text.HAL_IncTick
                0x0000000008000e4c       0x24 ./Drivers/STM32C0xx_HAL_Driver/Src/stm32c0xx_hal.o
                0x0000000008000e4c                HAL_IncTick
 .text.HAL_GetTick
                0x0000000008000e70       0x14 ./Drivers/STM32C0xx_HAL_Driver/Src/stm32c0xx_hal.o
                0x0000000008000e70                HAL_GetTick
 .text.HAL_Delay
                0x0000000008000e84       0x48 ./Drivers/STM32C0xx_HAL_Driver/Src/stm32c0xx_hal.o
                0x0000000008000e84                HAL_Delay
 .text.__NVIC_EnableIRQ
                0x0000000008000ecc       0x34 ./Drivers/STM32C0xx_HAL_Driver/Src/stm32c0xx_hal_cortex.o
 .text.__NVIC_SetPriority
                0x0000000008000f00       0xdc ./Drivers/STM32C0xx_HAL_Driver/Src/stm32c0xx_hal_cortex.o
 .text.SysTick_Config
                0x0000000008000fdc       0x48 ./Drivers/STM32C0xx_HAL_Driver/Src/stm32c0xx_hal_cortex.o
 .text.HAL_NVIC_SetPriority
                0x0000000008001024       0x2a ./Drivers/STM32C0xx_HAL_Driver/Src/stm32c0xx_hal_cortex.o
                0x0000000008001024                HAL_NVIC_SetPriority
 .text.HAL_NVIC_EnableIRQ
                0x000000000800104e       0x20 ./Drivers/STM32C0xx_HAL_Driver/Src/stm32c0xx_hal_cortex.o
                0x000000000800104e                HAL_NVIC_EnableIRQ
 .text.HAL_SYSTICK_Config
                0x000000000800106e       0x1a ./Drivers/STM32C0xx_HAL_Driver/Src/stm32c0xx_hal_cortex.o
                0x000000000800106e                HAL_SYSTICK_Config
 .text.HAL_GPIO_Init
                0x0000000008001088      0x2d4 ./Drivers/STM32C0xx_HAL_Driver/Src/stm32c0xx_hal_gpio.o
                0x0000000008001088                HAL_GPIO_Init
 .text.HAL_GPIO_ReadPin
                0x000000000800135c       0x3a ./Drivers/STM32C0xx_HAL_Driver/Src/stm32c0xx_hal_gpio.o
                0x000000000800135c                HAL_GPIO_ReadPin
 .text.HAL_GPIO_WritePin
                0x0000000008001396       0x3a ./Drivers/STM32C0xx_HAL_Driver/Src/stm32c0xx_hal_gpio.o
                0x0000000008001396                HAL_GPIO_WritePin
 .text.HAL_GPIO_TogglePin
                0x00000000080013d0       0x36 ./Drivers/STM32C0xx_HAL_Driver/Src/stm32c0xx_hal_gpio.o
                0x00000000080013d0                HAL_GPIO_TogglePin
 *fill*         0x0000000008001406        0x2 
 .text.HAL_RCC_OscConfig
                0x0000000008001408      0x3c8 ./Drivers/STM32C0xx_HAL_Driver/Src/stm32c0xx_hal_rcc.o
                0x0000000008001408                HAL_RCC_OscConfig
 .text.HAL_RCC_ClockConfig
                0x00000000080017d0      0x214 ./Drivers/STM32C0xx_HAL_Driver/Src/stm32c0xx_hal_rcc.o
                0x00000000080017d0                HAL_RCC_ClockConfig
 .text.HAL_RCC_GetSysClockFreq
                0x00000000080019e4       0x84 ./Drivers/STM32C0xx_HAL_Driver/Src/stm32c0xx_hal_rcc.o
                0x00000000080019e4                HAL_RCC_GetSysClockFreq
 .text.HAL_RCC_GetHCLKFreq
                0x0000000008001a68       0x14 ./Drivers/STM32C0xx_HAL_Driver/Src/stm32c0xx_hal_rcc.o
                0x0000000008001a68                HAL_RCC_GetHCLKFreq
 .text.HAL_RCC_GetPCLK1Freq
                0x0000000008001a7c       0x30 ./Drivers/STM32C0xx_HAL_Driver/Src/stm32c0xx_hal_rcc.o
                0x0000000008001a7c                HAL_RCC_GetPCLK1Freq
 .text.HAL_RCCEx_PeriphCLKConfig
                0x0000000008001aac      0x1dc ./Drivers/STM32C0xx_HAL_Driver/Src/stm32c0xx_hal_rcc_ex.o
                0x0000000008001aac                HAL_RCCEx_PeriphCLKConfig
 .text.HAL_TIM_Base_Init
                0x0000000008001c88       0xb0 ./Drivers/STM32C0xx_HAL_Driver/Src/stm32c0xx_hal_tim.o
                0x0000000008001c88                HAL_TIM_Base_Init
 .text.HAL_TIM_IRQHandler
                0x0000000008001d38      0x204 ./Drivers/STM32C0xx_HAL_Driver/Src/stm32c0xx_hal_tim.o
                0x0000000008001d38                HAL_TIM_IRQHandler
 .text.HAL_TIM_OC_DelayElapsedCallback
                0x0000000008001f3c       0x10 ./Drivers/STM32C0xx_HAL_Driver/Src/stm32c0xx_hal_tim.o
                0x0000000008001f3c                HAL_TIM_OC_DelayElapsedCallback
 .text.HAL_TIM_IC_CaptureCallback
                0x0000000008001f4c       0x10 ./Drivers/STM32C0xx_HAL_Driver/Src/stm32c0xx_hal_tim.o
                0x0000000008001f4c                HAL_TIM_IC_CaptureCallback
 .text.HAL_TIM_PWM_PulseFinishedCallback
                0x0000000008001f5c       0x10 ./Drivers/STM32C0xx_HAL_Driver/Src/stm32c0xx_hal_tim.o
                0x0000000008001f5c                HAL_TIM_PWM_PulseFinishedCallback
 .text.HAL_TIM_TriggerCallback
                0x0000000008001f6c       0x10 ./Drivers/STM32C0xx_HAL_Driver/Src/stm32c0xx_hal_tim.o
                0x0000000008001f6c                HAL_TIM_TriggerCallback
 .text.TIM_Base_SetConfig
                0x0000000008001f7c       0xd8 ./Drivers/STM32C0xx_HAL_Driver/Src/stm32c0xx_hal_tim.o
                0x0000000008001f7c                TIM_Base_SetConfig
 .text.HAL_TIMEx_CommutCallback
                0x0000000008002054       0x10 ./Drivers/STM32C0xx_HAL_Driver/Src/stm32c0xx_hal_tim_ex.o
                0x0000000008002054                HAL_TIMEx_CommutCallback
 .text.HAL_TIMEx_BreakCallback
                0x0000000008002064       0x10 ./Drivers/STM32C0xx_HAL_Driver/Src/stm32c0xx_hal_tim_ex.o
                0x0000000008002064                HAL_TIMEx_BreakCallback
 .text.HAL_TIMEx_Break2Callback
                0x0000000008002074       0x10 ./Drivers/STM32C0xx_HAL_Driver/Src/stm32c0xx_hal_tim_ex.o
                0x0000000008002074                HAL_TIMEx_Break2Callback
 .text.HAL_UART_Init
                0x0000000008002084       0xac ./Drivers/STM32C0xx_HAL_Driver/Src/stm32c0xx_hal_uart.o
                0x0000000008002084                HAL_UART_Init
 .text.UART_SetConfig
                0x0000000008002130      0x2fc ./Drivers/STM32C0xx_HAL_Driver/Src/stm32c0xx_hal_uart.o
                0x0000000008002130                UART_SetConfig
 .text.UART_AdvFeatureConfig
                0x000000000800242c      0x168 ./Drivers/STM32C0xx_HAL_Driver/Src/stm32c0xx_hal_uart.o
                0x000000000800242c                UART_AdvFeatureConfig
 .text.UART_CheckIdleState
                0x0000000008002594      0x154 ./Drivers/STM32C0xx_HAL_Driver/Src/stm32c0xx_hal_uart.o
                0x0000000008002594                UART_CheckIdleState
 .text.UART_WaitOnFlagUntilTimeout
                0x00000000080026e8       0xd2 ./Drivers/STM32C0xx_HAL_Driver/Src/stm32c0xx_hal_uart.o
                0x00000000080026e8                UART_WaitOnFlagUntilTimeout
 *fill*         0x00000000080027ba        0x2 
 .text.UART_EndRxTransfer
                0x00000000080027bc       0xcc ./Drivers/STM32C0xx_HAL_Driver/Src/stm32c0xx_hal_uart.o
 .text.HAL_UARTEx_DisableFifoMode
                0x0000000008002888       0x74 ./Drivers/STM32C0xx_HAL_Driver/Src/stm32c0xx_hal_uart_ex.o
                0x0000000008002888                HAL_UARTEx_DisableFifoMode
 .text.HAL_UARTEx_SetTxFifoThreshold
                0x00000000080028fc       0x7e ./Drivers/STM32C0xx_HAL_Driver/Src/stm32c0xx_hal_uart_ex.o
                0x00000000080028fc                HAL_UARTEx_SetTxFifoThreshold
 *fill*         0x000000000800297a        0x2 
 .text.HAL_UARTEx_SetRxFifoThreshold
                0x000000000800297c       0x84 ./Drivers/STM32C0xx_HAL_Driver/Src/stm32c0xx_hal_uart_ex.o
                0x000000000800297c                HAL_UARTEx_SetRxFifoThreshold
 .text.UARTEx_SetNbDataToProcess
                0x0000000008002a00       0xbc ./Drivers/STM32C0xx_HAL_Driver/Src/stm32c0xx_hal_uart_ex.o
 .text.memset   0x0000000008002abc       0x10 C:/ST/STM32CubeIDE_1.14.1/STM32CubeIDE/plugins/com.st.stm32cube.ide.mcu.externaltools.gnu-tools-for-stm32.11.3.rel1.win32_1.1.100.202309141235/tools/bin/../lib/gcc/arm-none-eabi/11.3.1/../../../../arm-none-eabi/lib/thumb/v6-m/nofp\libc_nano.a(libc_a-memset.o)
                0x0000000008002abc                memset
 .text.__libc_init_array
                0x0000000008002acc       0x48 C:/ST/STM32CubeIDE_1.14.1/STM32CubeIDE/plugins/com.st.stm32cube.ide.mcu.externaltools.gnu-tools-for-stm32.11.3.rel1.win32_1.1.100.202309141235/tools/bin/../lib/gcc/arm-none-eabi/11.3.1/../../../../arm-none-eabi/lib/thumb/v6-m/nofp\libc_nano.a(libc_a-init.o)
                0x0000000008002acc                __libc_init_array
 *(.glue_7)
 .glue_7        0x0000000008002b14        0x0 linker stubs
 *(.glue_7t)
 .glue_7t       0x0000000008002b14        0x0 linker stubs
 *(.eh_frame)
 .eh_frame      0x0000000008002b14        0x0 C:/ST/STM32CubeIDE_1.14.1/STM32CubeIDE/plugins/com.st.stm32cube.ide.mcu.externaltools.gnu-tools-for-stm32.11.3.rel1.win32_1.1.100.202309141235/tools/bin/../lib/gcc/arm-none-eabi/11.3.1/thumb/v6-m/nofp/crtbegin.o
 *(.init)
 .init          0x0000000008002b14        0x4 C:/ST/STM32CubeIDE_1.14.1/STM32CubeIDE/plugins/com.st.stm32cube.ide.mcu.externaltools.gnu-tools-for-stm32.11.3.rel1.win32_1.1.100.202309141235/tools/bin/../lib/gcc/arm-none-eabi/11.3.1/thumb/v6-m/nofp/crti.o
                0x0000000008002b14                _init
 .init          0x0000000008002b18        0x8 C:/ST/STM32CubeIDE_1.14.1/STM32CubeIDE/plugins/com.st.stm32cube.ide.mcu.externaltools.gnu-tools-for-stm32.11.3.rel1.win32_1.1.100.202309141235/tools/bin/../lib/gcc/arm-none-eabi/11.3.1/thumb/v6-m/nofp/crtn.o
 *(.fini)
 .fini          0x0000000008002b20        0x4 C:/ST/STM32CubeIDE_1.14.1/STM32CubeIDE/plugins/com.st.stm32cube.ide.mcu.externaltools.gnu-tools-for-stm32.11.3.rel1.win32_1.1.100.202309141235/tools/bin/../lib/gcc/arm-none-eabi/11.3.1/thumb/v6-m/nofp/crti.o
                0x0000000008002b20                _fini
 .fini          0x0000000008002b24        0x8 C:/ST/STM32CubeIDE_1.14.1/STM32CubeIDE/plugins/com.st.stm32cube.ide.mcu.externaltools.gnu-tools-for-stm32.11.3.rel1.win32_1.1.100.202309141235/tools/bin/../lib/gcc/arm-none-eabi/11.3.1/thumb/v6-m/nofp/crtn.o
                0x0000000008002b2c                . = ALIGN (0x4)
                0x0000000008002b2c                _etext = .

.vfp11_veneer   0x0000000008002b2c        0x0
 .vfp11_veneer  0x0000000008002b2c        0x0 linker stubs

.v4_bx          0x0000000008002b2c        0x0
 .v4_bx         0x0000000008002b2c        0x0 linker stubs

.iplt           0x0000000008002b2c        0x0
 .iplt          0x0000000008002b2c        0x0 C:/ST/STM32CubeIDE_1.14.1/STM32CubeIDE/plugins/com.st.stm32cube.ide.mcu.externaltools.gnu-tools-for-stm32.11.3.rel1.win32_1.1.100.202309141235/tools/bin/../lib/gcc/arm-none-eabi/11.3.1/thumb/v6-m/nofp/crtbegin.o

.rodata         0x0000000008002b2c       0x88
                0x0000000008002b2c                . = ALIGN (0x4)
 *(.rodata)
 *(.rodata*)
 .rodata.AHBPrescTable
                0x0000000008002b2c       0x40 ./Core/Src/system_stm32c0xx.o
                0x0000000008002b2c                AHBPrescTable
 .rodata.APBPrescTable
                0x0000000008002b6c       0x20 ./Core/Src/system_stm32c0xx.o
                0x0000000008002b6c                APBPrescTable
 .rodata.UARTPrescTable
                0x0000000008002b8c       0x18 ./Drivers/STM32C0xx_HAL_Driver/Src/stm32c0xx_hal_uart.o
                0x0000000008002b8c                UARTPrescTable
 .rodata.numerator.1
                0x0000000008002ba4        0x8 ./Drivers/STM32C0xx_HAL_Driver/Src/stm32c0xx_hal_uart_ex.o
 .rodata.denominator.0
                0x0000000008002bac        0x8 ./Drivers/STM32C0xx_HAL_Driver/Src/stm32c0xx_hal_uart_ex.o
                0x0000000008002bb4                . = ALIGN (0x4)

.rel.dyn        0x0000000008002bb4        0x0
 .rel.iplt      0x0000000008002bb4        0x0 C:/ST/STM32CubeIDE_1.14.1/STM32CubeIDE/plugins/com.st.stm32cube.ide.mcu.externaltools.gnu-tools-for-stm32.11.3.rel1.win32_1.1.100.202309141235/tools/bin/../lib/gcc/arm-none-eabi/11.3.1/thumb/v6-m/nofp/crtbegin.o

.ARM.extab      0x0000000008002bb4        0x0
                0x0000000008002bb4                . = ALIGN (0x4)
 *(.ARM.extab* .gnu.linkonce.armextab.*)
                0x0000000008002bb4                . = ALIGN (0x4)

.ARM            0x0000000008002bb4        0x0
                0x0000000008002bb4                . = ALIGN (0x4)
                0x0000000008002bb4                __exidx_start = .
 *(.ARM.exidx*)
                0x0000000008002bb4                __exidx_end = .
                0x0000000008002bb4                . = ALIGN (0x4)

.preinit_array  0x0000000008002bb4        0x0
                0x0000000008002bb4                . = ALIGN (0x4)
                0x0000000008002bb4                PROVIDE (__preinit_array_start = .)
 *(.preinit_array*)
                0x0000000008002bb4                PROVIDE (__preinit_array_end = .)
                0x0000000008002bb4                . = ALIGN (0x4)

.init_array     0x0000000008002bb4        0x4
                0x0000000008002bb4                . = ALIGN (0x4)
                0x0000000008002bb4                PROVIDE (__init_array_start = .)
 *(SORT_BY_NAME(.init_array.*))
 *(.init_array*)
 .init_array    0x0000000008002bb4        0x4 C:/ST/STM32CubeIDE_1.14.1/STM32CubeIDE/plugins/com.st.stm32cube.ide.mcu.externaltools.gnu-tools-for-stm32.11.3.rel1.win32_1.1.100.202309141235/tools/bin/../lib/gcc/arm-none-eabi/11.3.1/thumb/v6-m/nofp/crtbegin.o
                0x0000000008002bb8                PROVIDE (__init_array_end = .)
                0x0000000008002bb8                . = ALIGN (0x4)

.fini_array     0x0000000008002bb8        0x4
                0x0000000008002bb8                . = ALIGN (0x4)
                [!provide]                        PROVIDE (__fini_array_start = .)
 *(SORT_BY_NAME(.fini_array.*))
 *(.fini_array*)
 .fini_array    0x0000000008002bb8        0x4 C:/ST/STM32CubeIDE_1.14.1/STM32CubeIDE/plugins/com.st.stm32cube.ide.mcu.externaltools.gnu-tools-for-stm32.11.3.rel1.win32_1.1.100.202309141235/tools/bin/../lib/gcc/arm-none-eabi/11.3.1/thumb/v6-m/nofp/crtbegin.o
                [!provide]                        PROVIDE (__fini_array_end = .)
                0x0000000008002bbc                . = ALIGN (0x4)
                0x0000000008002bbc                _sidata = LOADADDR (.data)

.data           0x0000000020000000        0xc load address 0x0000000008002bbc
                0x0000000020000000                . = ALIGN (0x4)
                0x0000000020000000                _sdata = .
 *(.data)
 *(.data*)
 .data.SystemCoreClock
                0x0000000020000000        0x4 ./Core/Src/system_stm32c0xx.o
                0x0000000020000000                SystemCoreClock
 .data.uwTickPrio
                0x0000000020000004        0x4 ./Drivers/STM32C0xx_HAL_Driver/Src/stm32c0xx_hal.o
                0x0000000020000004                uwTickPrio
 .data.uwTickFreq
                0x0000000020000008        0x1 ./Drivers/STM32C0xx_HAL_Driver/Src/stm32c0xx_hal.o
                0x0000000020000008                uwTickFreq
 *(.RamFunc)
 *(.RamFunc*)
                0x000000002000000c                . = ALIGN (0x4)
 *fill*         0x0000000020000009        0x3 
                0x000000002000000c                _edata = .

.igot.plt       0x000000002000000c        0x0 load address 0x0000000008002bc8
 .igot.plt      0x000000002000000c        0x0 C:/ST/STM32CubeIDE_1.14.1/STM32CubeIDE/plugins/com.st.stm32cube.ide.mcu.externaltools.gnu-tools-for-stm32.11.3.rel1.win32_1.1.100.202309141235/tools/bin/../lib/gcc/arm-none-eabi/11.3.1/thumb/v6-m/nofp/crtbegin.o
                0x000000002000000c                . = ALIGN (0x4)

.bss            0x000000002000000c      0x104 load address 0x0000000008002bc8
                0x000000002000000c                _sbss = .
                0x000000002000000c                __bss_start__ = _sbss
 *(.bss)
 .bss           0x000000002000000c       0x1c C:/ST/STM32CubeIDE_1.14.1/STM32CubeIDE/plugins/com.st.stm32cube.ide.mcu.externaltools.gnu-tools-for-stm32.11.3.rel1.win32_1.1.100.202309141235/tools/bin/../lib/gcc/arm-none-eabi/11.3.1/thumb/v6-m/nofp/crtbegin.o
 *(.bss*)
 .bss.this      0x0000000020000028        0x4 ./Core/Src/button.o
 .bss.htim17    0x000000002000002c       0x4c ./Core/Src/tim.o
                0x000000002000002c                htim17
 .bss.huart1    0x0000000020000078       0x94 ./Core/Src/usart.o
                0x0000000020000078                huart1
 .bss.uwTick    0x000000002000010c        0x4 ./Drivers/STM32C0xx_HAL_Driver/Src/stm32c0xx_hal.o
                0x000000002000010c                uwTick
 *(COMMON)
                0x0000000020000110                . = ALIGN (0x4)
                0x0000000020000110                _ebss = .
                0x0000000020000110                __bss_end__ = _ebss

._user_heap_stack
                0x0000000020000110      0x600 load address 0x0000000008002bc8
                0x0000000020000110                . = ALIGN (0x8)
                [!provide]                        PROVIDE (end = .)
                0x0000000020000110                PROVIDE (_end = .)
                0x0000000020000310                . = (. + _Min_Heap_Size)
 *fill*         0x0000000020000110      0x200 
                0x0000000020000710                . = (. + _Min_Stack_Size)
 *fill*         0x0000000020000310      0x400 
                0x0000000020000710                . = ALIGN (0x8)

/DISCARD/
 libc.a(*)
 libm.a(*)
 libgcc.a(*)

.ARM.attributes
                0x0000000000000000       0x28
 *(.ARM.attributes)
 .ARM.attributes
                0x0000000000000000       0x1e C:/ST/STM32CubeIDE_1.14.1/STM32CubeIDE/plugins/com.st.stm32cube.ide.mcu.externaltools.gnu-tools-for-stm32.11.3.rel1.win32_1.1.100.202309141235/tools/bin/../lib/gcc/arm-none-eabi/11.3.1/thumb/v6-m/nofp/crti.o
 .ARM.attributes
                0x000000000000001e       0x2c C:/ST/STM32CubeIDE_1.14.1/STM32CubeIDE/plugins/com.st.stm32cube.ide.mcu.externaltools.gnu-tools-for-stm32.11.3.rel1.win32_1.1.100.202309141235/tools/bin/../lib/gcc/arm-none-eabi/11.3.1/thumb/v6-m/nofp/crtbegin.o
 .ARM.attributes
                0x000000000000004a       0x2c ./Core/Src/button.o
 .ARM.attributes
                0x0000000000000076       0x2c ./Core/Src/gpio.o
 .ARM.attributes
                0x00000000000000a2       0x2c ./Core/Src/main.o
 .ARM.attributes
                0x00000000000000ce       0x2c ./Core/Src/stm32c0xx_hal_msp.o
 .ARM.attributes
                0x00000000000000fa       0x2c ./Core/Src/stm32c0xx_it.o
 .ARM.attributes
                0x0000000000000126       0x2c ./Core/Src/system_stm32c0xx.o
 .ARM.attributes
                0x0000000000000152       0x2c ./Core/Src/tim.o
 .ARM.attributes
                0x000000000000017e       0x2c ./Core/Src/usart.o
 .ARM.attributes
                0x00000000000001aa       0x22 ./Core/Startup/startup_stm32c011f6px.o
 .ARM.attributes
                0x00000000000001cc       0x2c ./Drivers/STM32C0xx_HAL_Driver/Src/stm32c0xx_hal.o
 .ARM.attributes
                0x00000000000001f8       0x2c ./Drivers/STM32C0xx_HAL_Driver/Src/stm32c0xx_hal_cortex.o
 .ARM.attributes
                0x0000000000000224       0x2c ./Drivers/STM32C0xx_HAL_Driver/Src/stm32c0xx_hal_gpio.o
 .ARM.attributes
                0x0000000000000250       0x2c ./Drivers/STM32C0xx_HAL_Driver/Src/stm32c0xx_hal_rcc.o
 .ARM.attributes
                0x000000000000027c       0x2c ./Drivers/STM32C0xx_HAL_Driver/Src/stm32c0xx_hal_rcc_ex.o
 .ARM.attributes
                0x00000000000002a8       0x2c ./Drivers/STM32C0xx_HAL_Driver/Src/stm32c0xx_hal_tim.o
 .ARM.attributes
                0x00000000000002d4       0x2c ./Drivers/STM32C0xx_HAL_Driver/Src/stm32c0xx_hal_tim_ex.o
 .ARM.attributes
                0x0000000000000300       0x2c ./Drivers/STM32C0xx_HAL_Driver/Src/stm32c0xx_hal_uart.o
 .ARM.attributes
                0x000000000000032c       0x2c ./Drivers/STM32C0xx_HAL_Driver/Src/stm32c0xx_hal_uart_ex.o
 .ARM.attributes
                0x0000000000000358       0x2c C:/ST/STM32CubeIDE_1.14.1/STM32CubeIDE/plugins/com.st.stm32cube.ide.mcu.externaltools.gnu-tools-for-stm32.11.3.rel1.win32_1.1.100.202309141235/tools/bin/../lib/gcc/arm-none-eabi/11.3.1/../../../../arm-none-eabi/lib/thumb/v6-m/nofp\libc_nano.a(libc_a-memset.o)
 .ARM.attributes
                0x0000000000000384       0x2c C:/ST/STM32CubeIDE_1.14.1/STM32CubeIDE/plugins/com.st.stm32cube.ide.mcu.externaltools.gnu-tools-for-stm32.11.3.rel1.win32_1.1.100.202309141235/tools/bin/../lib/gcc/arm-none-eabi/11.3.1/../../../../arm-none-eabi/lib/thumb/v6-m/nofp\libc_nano.a(libc_a-init.o)
 .ARM.attributes
                0x00000000000003b0       0x1e C:/ST/STM32CubeIDE_1.14.1/STM32CubeIDE/plugins/com.st.stm32cube.ide.mcu.externaltools.gnu-tools-for-stm32.11.3.rel1.win32_1.1.100.202309141235/tools/bin/../lib/gcc/arm-none-eabi/11.3.1/thumb/v6-m/nofp\libgcc.a(_udivsi3.o)
 .ARM.attributes
                0x00000000000003ce       0x1e C:/ST/STM32CubeIDE_1.14.1/STM32CubeIDE/plugins/com.st.stm32cube.ide.mcu.externaltools.gnu-tools-for-stm32.11.3.rel1.win32_1.1.100.202309141235/tools/bin/../lib/gcc/arm-none-eabi/11.3.1/thumb/v6-m/nofp\libgcc.a(_divsi3.o)
 .ARM.attributes
                0x00000000000003ec       0x1e C:/ST/STM32CubeIDE_1.14.1/STM32CubeIDE/plugins/com.st.stm32cube.ide.mcu.externaltools.gnu-tools-for-stm32.11.3.rel1.win32_1.1.100.202309141235/tools/bin/../lib/gcc/arm-none-eabi/11.3.1/thumb/v6-m/nofp\libgcc.a(_dvmd_tls.o)
 .ARM.attributes
                0x000000000000040a       0x1e C:/ST/STM32CubeIDE_1.14.1/STM32CubeIDE/plugins/com.st.stm32cube.ide.mcu.externaltools.gnu-tools-for-stm32.11.3.rel1.win32_1.1.100.202309141235/tools/bin/../lib/gcc/arm-none-eabi/11.3.1/thumb/v6-m/nofp/crtn.o
OUTPUT(ES100_code.elf elf32-littlearm)
LOAD linker stubs
LOAD C:/ST/STM32CubeIDE_1.14.1/STM32CubeIDE/plugins/com.st.stm32cube.ide.mcu.externaltools.gnu-tools-for-stm32.11.3.rel1.win32_1.1.100.202309141235/tools/bin/../lib/gcc/arm-none-eabi/11.3.1/../../../../arm-none-eabi/lib/thumb/v6-m/nofp\libc.a
LOAD C:/ST/STM32CubeIDE_1.14.1/STM32CubeIDE/plugins/com.st.stm32cube.ide.mcu.externaltools.gnu-tools-for-stm32.11.3.rel1.win32_1.1.100.202309141235/tools/bin/../lib/gcc/arm-none-eabi/11.3.1/../../../../arm-none-eabi/lib/thumb/v6-m/nofp\libm.a
LOAD C:/ST/STM32CubeIDE_1.14.1/STM32CubeIDE/plugins/com.st.stm32cube.ide.mcu.externaltools.gnu-tools-for-stm32.11.3.rel1.win32_1.1.100.202309141235/tools/bin/../lib/gcc/arm-none-eabi/11.3.1/thumb/v6-m/nofp\libgcc.a

.comment        0x0000000000000000       0x43
 .comment       0x0000000000000000       0x43 C:/ST/STM32CubeIDE_1.14.1/STM32CubeIDE/plugins/com.st.stm32cube.ide.mcu.externaltools.gnu-tools-for-stm32.11.3.rel1.win32_1.1.100.202309141235/tools/bin/../lib/gcc/arm-none-eabi/11.3.1/thumb/v6-m/nofp/crtbegin.o
                                         0x44 (size before relaxing)
 .comment       0x0000000000000043       0x44 ./Core/Src/button.o
 .comment       0x0000000000000043       0x44 ./Core/Src/gpio.o
 .comment       0x0000000000000043       0x44 ./Core/Src/main.o
 .comment       0x0000000000000043       0x44 ./Core/Src/stm32c0xx_hal_msp.o
 .comment       0x0000000000000043       0x44 ./Core/Src/stm32c0xx_it.o
 .comment       0x0000000000000043       0x44 ./Core/Src/system_stm32c0xx.o
 .comment       0x0000000000000043       0x44 ./Core/Src/tim.o
 .comment       0x0000000000000043       0x44 ./Core/Src/usart.o
 .comment       0x0000000000000043       0x44 ./Drivers/STM32C0xx_HAL_Driver/Src/stm32c0xx_hal.o
 .comment       0x0000000000000043       0x44 ./Drivers/STM32C0xx_HAL_Driver/Src/stm32c0xx_hal_cortex.o
 .comment       0x0000000000000043       0x44 ./Drivers/STM32C0xx_HAL_Driver/Src/stm32c0xx_hal_gpio.o
 .comment       0x0000000000000043       0x44 ./Drivers/STM32C0xx_HAL_Driver/Src/stm32c0xx_hal_rcc.o
 .comment       0x0000000000000043       0x44 ./Drivers/STM32C0xx_HAL_Driver/Src/stm32c0xx_hal_rcc_ex.o
 .comment       0x0000000000000043       0x44 ./Drivers/STM32C0xx_HAL_Driver/Src/stm32c0xx_hal_tim.o
 .comment       0x0000000000000043       0x44 ./Drivers/STM32C0xx_HAL_Driver/Src/stm32c0xx_hal_tim_ex.o
 .comment       0x0000000000000043       0x44 ./Drivers/STM32C0xx_HAL_Driver/Src/stm32c0xx_hal_uart.o
 .comment       0x0000000000000043       0x44 ./Drivers/STM32C0xx_HAL_Driver/Src/stm32c0xx_hal_uart_ex.o

.debug_info     0x0000000000000000     0xf790
 .debug_info    0x0000000000000000      0x357 ./Core/Src/button.o
 .debug_info    0x0000000000000357      0x3ac ./Core/Src/gpio.o
 .debug_info    0x0000000000000703      0xdcc ./Core/Src/main.o
 .debug_info    0x00000000000014cf      0x217 ./Core/Src/stm32c0xx_hal_msp.o
 .debug_info    0x00000000000016e6      0x795 ./Core/Src/stm32c0xx_it.o
 .debug_info    0x0000000000001e7b      0x368 ./Core/Src/system_stm32c0xx.o
 .debug_info    0x00000000000021e3      0xa3e ./Core/Src/tim.o
 .debug_info    0x0000000000002c21      0xbd4 ./Core/Src/usart.o
 .debug_info    0x00000000000037f5       0x23 ./Core/Startup/startup_stm32c011f6px.o
 .debug_info    0x0000000000003818      0x856 ./Drivers/STM32C0xx_HAL_Driver/Src/stm32c0xx_hal.o
 .debug_info    0x000000000000406e      0x82a ./Drivers/STM32C0xx_HAL_Driver/Src/stm32c0xx_hal_cortex.o
 .debug_info    0x0000000000004898      0x5b7 ./Drivers/STM32C0xx_HAL_Driver/Src/stm32c0xx_hal_gpio.o
 .debug_info    0x0000000000004e4f      0x8bf ./Drivers/STM32C0xx_HAL_Driver/Src/stm32c0xx_hal_rcc.o
 .debug_info    0x000000000000570e      0x551 ./Drivers/STM32C0xx_HAL_Driver/Src/stm32c0xx_hal_rcc_ex.o
 .debug_info    0x0000000000005c5f     0x2b65 ./Drivers/STM32C0xx_HAL_Driver/Src/stm32c0xx_hal_tim.o
 .debug_info    0x00000000000087c4     0x1878 ./Drivers/STM32C0xx_HAL_Driver/Src/stm32c0xx_hal_tim_ex.o
 .debug_info    0x000000000000a03c     0x47e7 ./Drivers/STM32C0xx_HAL_Driver/Src/stm32c0xx_hal_uart.o
 .debug_info    0x000000000000e823      0xf6d ./Drivers/STM32C0xx_HAL_Driver/Src/stm32c0xx_hal_uart_ex.o

.debug_abbrev   0x0000000000000000     0x246b
 .debug_abbrev  0x0000000000000000      0x182 ./Core/Src/button.o
 .debug_abbrev  0x0000000000000182      0x159 ./Core/Src/gpio.o
 .debug_abbrev  0x00000000000002db      0x28c ./Core/Src/main.o
 .debug_abbrev  0x0000000000000567       0xd6 ./Core/Src/stm32c0xx_hal_msp.o
 .debug_abbrev  0x000000000000063d      0x1a4 ./Core/Src/stm32c0xx_it.o
 .debug_abbrev  0x00000000000007e1      0x117 ./Core/Src/system_stm32c0xx.o
 .debug_abbrev  0x00000000000008f8      0x200 ./Core/Src/tim.o
 .debug_abbrev  0x0000000000000af8      0x20f ./Core/Src/usart.o
 .debug_abbrev  0x0000000000000d07       0x12 ./Core/Startup/startup_stm32c011f6px.o
 .debug_abbrev  0x0000000000000d19      0x2cb ./Drivers/STM32C0xx_HAL_Driver/Src/stm32c0xx_hal.o
 .debug_abbrev  0x0000000000000fe4      0x2b7 ./Drivers/STM32C0xx_HAL_Driver/Src/stm32c0xx_hal_cortex.o
 .debug_abbrev  0x000000000000129b      0x1d6 ./Drivers/STM32C0xx_HAL_Driver/Src/stm32c0xx_hal_gpio.o
 .debug_abbrev  0x0000000000001471      0x2a8 ./Drivers/STM32C0xx_HAL_Driver/Src/stm32c0xx_hal_rcc.o
 .debug_abbrev  0x0000000000001719      0x225 ./Drivers/STM32C0xx_HAL_Driver/Src/stm32c0xx_hal_rcc_ex.o
 .debug_abbrev  0x000000000000193e      0x28a ./Drivers/STM32C0xx_HAL_Driver/Src/stm32c0xx_hal_tim.o
 .debug_abbrev  0x0000000000001bc8      0x2aa ./Drivers/STM32C0xx_HAL_Driver/Src/stm32c0xx_hal_tim_ex.o
 .debug_abbrev  0x0000000000001e72      0x314 ./Drivers/STM32C0xx_HAL_Driver/Src/stm32c0xx_hal_uart.o
 .debug_abbrev  0x0000000000002186      0x2e5 ./Drivers/STM32C0xx_HAL_Driver/Src/stm32c0xx_hal_uart_ex.o

.debug_aranges  0x0000000000000000      0xd58
 .debug_aranges
                0x0000000000000000       0x30 ./Core/Src/button.o
 .debug_aranges
                0x0000000000000030       0x20 ./Core/Src/gpio.o
 .debug_aranges
                0x0000000000000050       0x58 ./Core/Src/main.o
 .debug_aranges
                0x00000000000000a8       0x20 ./Core/Src/stm32c0xx_hal_msp.o
 .debug_aranges
                0x00000000000000c8       0x48 ./Core/Src/stm32c0xx_it.o
 .debug_aranges
                0x0000000000000110       0x28 ./Core/Src/system_stm32c0xx.o
 .debug_aranges
                0x0000000000000138       0x30 ./Core/Src/tim.o
 .debug_aranges
                0x0000000000000168       0x30 ./Core/Src/usart.o
 .debug_aranges
                0x0000000000000198       0x28 ./Core/Startup/startup_stm32c011f6px.o
 .debug_aranges
                0x00000000000001c0      0x110 ./Drivers/STM32C0xx_HAL_Driver/Src/stm32c0xx_hal.o
 .debug_aranges
                0x00000000000002d0       0xd8 ./Drivers/STM32C0xx_HAL_Driver/Src/stm32c0xx_hal_cortex.o
 .debug_aranges
                0x00000000000003a8       0x68 ./Drivers/STM32C0xx_HAL_Driver/Src/stm32c0xx_hal_gpio.o
 .debug_aranges
                0x0000000000000410       0xa0 ./Drivers/STM32C0xx_HAL_Driver/Src/stm32c0xx_hal_rcc.o
 .debug_aranges
                0x00000000000004b0       0x40 ./Drivers/STM32C0xx_HAL_Driver/Src/stm32c0xx_hal_rcc_ex.o
 .debug_aranges
                0x00000000000004f0      0x3e0 ./Drivers/STM32C0xx_HAL_Driver/Src/stm32c0xx_hal_tim.o
 .debug_aranges
                0x00000000000008d0      0x198 ./Drivers/STM32C0xx_HAL_Driver/Src/stm32c0xx_hal_tim_ex.o
 .debug_aranges
                0x0000000000000a68      0x248 ./Drivers/STM32C0xx_HAL_Driver/Src/stm32c0xx_hal_uart.o
 .debug_aranges
                0x0000000000000cb0       0xa8 ./Drivers/STM32C0xx_HAL_Driver/Src/stm32c0xx_hal_uart_ex.o

.debug_rnglists
                0x0000000000000000      0xa85
 .debug_rnglists
                0x0000000000000000       0x21 ./Core/Src/button.o
 .debug_rnglists
                0x0000000000000021       0x14 ./Core/Src/gpio.o
 .debug_rnglists
                0x0000000000000035       0x4f ./Core/Src/main.o
 .debug_rnglists
                0x0000000000000084       0x13 ./Core/Src/stm32c0xx_hal_msp.o
 .debug_rnglists
                0x0000000000000097       0x31 ./Core/Src/stm32c0xx_it.o
 .debug_rnglists
                0x00000000000000c8       0x1a ./Core/Src/system_stm32c0xx.o
 .debug_rnglists
                0x00000000000000e2       0x1f ./Core/Src/tim.o
 .debug_rnglists
                0x0000000000000101       0x21 ./Core/Src/usart.o
 .debug_rnglists
                0x0000000000000122       0x19 ./Core/Startup/startup_stm32c011f6px.o
 .debug_rnglists
                0x000000000000013b       0xc8 ./Drivers/STM32C0xx_HAL_Driver/Src/stm32c0xx_hal.o
 .debug_rnglists
                0x0000000000000203       0x9f ./Drivers/STM32C0xx_HAL_Driver/Src/stm32c0xx_hal_cortex.o
 .debug_rnglists
                0x00000000000002a2       0x4b ./Drivers/STM32C0xx_HAL_Driver/Src/stm32c0xx_hal_gpio.o
 .debug_rnglists
                0x00000000000002ed       0x78 ./Drivers/STM32C0xx_HAL_Driver/Src/stm32c0xx_hal_rcc.o
 .debug_rnglists
                0x0000000000000365       0x2d ./Drivers/STM32C0xx_HAL_Driver/Src/stm32c0xx_hal_rcc_ex.o
 .debug_rnglists
                0x0000000000000392      0x32a ./Drivers/STM32C0xx_HAL_Driver/Src/stm32c0xx_hal_tim.o
 .debug_rnglists
                0x00000000000006bc      0x14e ./Drivers/STM32C0xx_HAL_Driver/Src/stm32c0xx_hal_tim_ex.o
 .debug_rnglists
                0x000000000000080a      0x1fb ./Drivers/STM32C0xx_HAL_Driver/Src/stm32c0xx_hal_uart.o
 .debug_rnglists
                0x0000000000000a05       0x80 ./Drivers/STM32C0xx_HAL_Driver/Src/stm32c0xx_hal_uart_ex.o

.debug_macro    0x0000000000000000    0x142cd
 .debug_macro   0x0000000000000000      0x168 ./Core/Src/button.o
 .debug_macro   0x0000000000000168      0xa7e ./Core/Src/button.o
 .debug_macro   0x0000000000000be6       0x22 ./Core/Src/button.o
 .debug_macro   0x0000000000000c08       0x8e ./Core/Src/button.o
 .debug_macro   0x0000000000000c96       0x51 ./Core/Src/button.o
 .debug_macro   0x0000000000000ce7      0x103 ./Core/Src/button.o
 .debug_macro   0x0000000000000dea       0x6a ./Core/Src/button.o
 .debug_macro   0x0000000000000e54      0x1df ./Core/Src/button.o
 .debug_macro   0x0000000000001033       0x61 ./Core/Src/button.o
 .debug_macro   0x0000000000001094       0x24 ./Core/Src/button.o
 .debug_macro   0x00000000000010b8       0x43 ./Core/Src/button.o
 .debug_macro   0x00000000000010fb       0x34 ./Core/Src/button.o
 .debug_macro   0x000000000000112f       0x16 ./Core/Src/button.o
 .debug_macro   0x0000000000001145       0x97 ./Core/Src/button.o
 .debug_macro   0x00000000000011dc      0x369 ./Core/Src/button.o
 .debug_macro   0x0000000000001545       0xfd ./Core/Src/button.o
 .debug_macro   0x0000000000001642       0x10 ./Core/Src/button.o
 .debug_macro   0x0000000000001652       0x16 ./Core/Src/button.o
 .debug_macro   0x0000000000001668       0x43 ./Core/Src/button.o
 .debug_macro   0x00000000000016ab       0x34 ./Core/Src/button.o
 .debug_macro   0x00000000000016df       0x10 ./Core/Src/button.o
 .debug_macro   0x00000000000016ef       0x58 ./Core/Src/button.o
 .debug_macro   0x0000000000001747       0x8e ./Core/Src/button.o
 .debug_macro   0x00000000000017d5       0x1c ./Core/Src/button.o
 .debug_macro   0x00000000000017f1      0x177 ./Core/Src/button.o
 .debug_macro   0x0000000000001968       0x16 ./Core/Src/button.o
 .debug_macro   0x000000000000197e       0x16 ./Core/Src/button.o
 .debug_macro   0x0000000000001994      0x147 ./Core/Src/button.o
 .debug_macro   0x0000000000001adb      0x1e9 ./Core/Src/gpio.o
 .debug_macro   0x0000000000001cc4       0x2e ./Core/Src/gpio.o
 .debug_macro   0x0000000000001cf2       0x28 ./Core/Src/gpio.o
 .debug_macro   0x0000000000001d1a       0x1c ./Core/Src/gpio.o
 .debug_macro   0x0000000000001d36       0x22 ./Core/Src/gpio.o
 .debug_macro   0x0000000000001d58       0xd1 ./Core/Src/gpio.o
 .debug_macro   0x0000000000001e29      0x4da ./Core/Src/gpio.o
 .debug_macro   0x0000000000002303      0x11f ./Core/Src/gpio.o
 .debug_macro   0x0000000000002422     0x91b4 ./Core/Src/gpio.o
 .debug_macro   0x000000000000b5d6       0x6c ./Core/Src/gpio.o
 .debug_macro   0x000000000000b642      0x16c ./Core/Src/gpio.o
 .debug_macro   0x000000000000b7ae       0xe9 ./Core/Src/gpio.o
 .debug_macro   0x000000000000b897     0x340f ./Core/Src/gpio.o
 .debug_macro   0x000000000000eca6      0x174 ./Core/Src/gpio.o
 .debug_macro   0x000000000000ee1a       0x5b ./Core/Src/gpio.o
 .debug_macro   0x000000000000ee75      0x366 ./Core/Src/gpio.o
 .debug_macro   0x000000000000f1db      0xaee ./Core/Src/gpio.o
 .debug_macro   0x000000000000fcc9      0x136 ./Core/Src/gpio.o
 .debug_macro   0x000000000000fdff      0x15f ./Core/Src/gpio.o
 .debug_macro   0x000000000000ff5e      0x166 ./Core/Src/gpio.o
 .debug_macro   0x00000000000100c4      0x264 ./Core/Src/gpio.o
 .debug_macro   0x0000000000010328      0x17e ./Core/Src/gpio.o
 .debug_macro   0x00000000000104a6       0x43 ./Core/Src/gpio.o
 .debug_macro   0x00000000000104e9      0x1f1 ./Core/Src/gpio.o
 .debug_macro   0x00000000000106da      0x1aa ./Core/Src/gpio.o
 .debug_macro   0x0000000000010884      0x352 ./Core/Src/gpio.o
 .debug_macro   0x0000000000010bd6       0x28 ./Core/Src/gpio.o
 .debug_macro   0x0000000000010bfe       0xba ./Core/Src/gpio.o
 .debug_macro   0x0000000000010cb8       0xff ./Core/Src/gpio.o
 .debug_macro   0x0000000000010db7       0xc6 ./Core/Src/gpio.o
 .debug_macro   0x0000000000010e7d      0xabb ./Core/Src/gpio.o
 .debug_macro   0x0000000000011938       0xd9 ./Core/Src/gpio.o
 .debug_macro   0x0000000000011a11      0x67e ./Core/Src/gpio.o
 .debug_macro   0x000000000001208f       0xa6 ./Core/Src/gpio.o
 .debug_macro   0x0000000000012135      0x3ba ./Core/Src/gpio.o
 .debug_macro   0x00000000000124ef       0x34 ./Core/Src/gpio.o
 .debug_macro   0x0000000000012523      0x2e9 ./Core/Src/main.o
 .debug_macro   0x000000000001280c       0x35 ./Core/Src/main.o
 .debug_macro   0x0000000000012841      0x1df ./Core/Src/stm32c0xx_hal_msp.o
 .debug_macro   0x0000000000012a20      0x1e9 ./Core/Src/stm32c0xx_it.o
 .debug_macro   0x0000000000012c09      0x1d6 ./Core/Src/system_stm32c0xx.o
 .debug_macro   0x0000000000012ddf      0x1e9 ./Core/Src/tim.o
 .debug_macro   0x0000000000012fc8      0x1e9 ./Core/Src/usart.o
 .debug_macro   0x00000000000131b1      0x1ee ./Drivers/STM32C0xx_HAL_Driver/Src/stm32c0xx_hal.o
 .debug_macro   0x000000000001339f      0x1d0 ./Drivers/STM32C0xx_HAL_Driver/Src/stm32c0xx_hal_cortex.o
 .debug_macro   0x000000000001356f      0x205 ./Drivers/STM32C0xx_HAL_Driver/Src/stm32c0xx_hal_gpio.o
 .debug_macro   0x0000000000013774      0x200 ./Drivers/STM32C0xx_HAL_Driver/Src/stm32c0xx_hal_rcc.o
 .debug_macro   0x0000000000013974      0x1e2 ./Drivers/STM32C0xx_HAL_Driver/Src/stm32c0xx_hal_rcc_ex.o
 .debug_macro   0x0000000000013b56      0x1d8 ./Drivers/STM32C0xx_HAL_Driver/Src/stm32c0xx_hal_tim.o
 .debug_macro   0x0000000000013d2e      0x1d6 ./Drivers/STM32C0xx_HAL_Driver/Src/stm32c0xx_hal_tim_ex.o
 .debug_macro   0x0000000000013f04      0x1ed ./Drivers/STM32C0xx_HAL_Driver/Src/stm32c0xx_hal_uart.o
 .debug_macro   0x00000000000140f1      0x1dc ./Drivers/STM32C0xx_HAL_Driver/Src/stm32c0xx_hal_uart_ex.o

.debug_line     0x0000000000000000    0x116b3
 .debug_line    0x0000000000000000      0x872 ./Core/Src/button.o
 .debug_line    0x0000000000000872      0x794 ./Core/Src/gpio.o
 .debug_line    0x0000000000001006      0xa49 ./Core/Src/main.o
 .debug_line    0x0000000000001a4f      0x77c ./Core/Src/stm32c0xx_hal_msp.o
 .debug_line    0x00000000000021cb      0x7f8 ./Core/Src/stm32c0xx_it.o
 .debug_line    0x00000000000029c3      0x7c1 ./Core/Src/system_stm32c0xx.o
 .debug_line    0x0000000000003184      0x7ca ./Core/Src/tim.o
 .debug_line    0x000000000000394e      0x82c ./Core/Src/usart.o
 .debug_line    0x000000000000417a       0x7d ./Core/Startup/startup_stm32c011f6px.o
 .debug_line    0x00000000000041f7      0xb10 ./Drivers/STM32C0xx_HAL_Driver/Src/stm32c0xx_hal.o
 .debug_line    0x0000000000004d07      0xba9 ./Drivers/STM32C0xx_HAL_Driver/Src/stm32c0xx_hal_cortex.o
 .debug_line    0x00000000000058b0      0xbc6 ./Drivers/STM32C0xx_HAL_Driver/Src/stm32c0xx_hal_gpio.o
 .debug_line    0x0000000000006476      0xd34 ./Drivers/STM32C0xx_HAL_Driver/Src/stm32c0xx_hal_rcc.o
 .debug_line    0x00000000000071aa      0xa1f ./Drivers/STM32C0xx_HAL_Driver/Src/stm32c0xx_hal_rcc_ex.o
 .debug_line    0x0000000000007bc9     0x3bba ./Drivers/STM32C0xx_HAL_Driver/Src/stm32c0xx_hal_tim.o
 .debug_line    0x000000000000b783     0x1c33 ./Drivers/STM32C0xx_HAL_Driver/Src/stm32c0xx_hal_tim_ex.o
 .debug_line    0x000000000000d3b6     0x34c4 ./Drivers/STM32C0xx_HAL_Driver/Src/stm32c0xx_hal_uart.o
 .debug_line    0x000000000001087a      0xe39 ./Drivers/STM32C0xx_HAL_Driver/Src/stm32c0xx_hal_uart_ex.o

.debug_str      0x0000000000000000    0x7e5aa
 .debug_str     0x0000000000000000     0x76c6 ./Core/Src/button.o
                                       0x78df (size before relaxing)
 .debug_str     0x00000000000076c6    0x72ed1 ./Core/Src/gpio.o
                                      0x771d3 (size before relaxing)
 .debug_str     0x000000000007a597      0x87f ./Core/Src/main.o
                                      0x7b264 (size before relaxing)
 .debug_str     0x000000000007ae16       0x2c ./Core/Src/stm32c0xx_hal_msp.o
                                      0x77108 (size before relaxing)
 .debug_str     0x000000000007ae42       0xad ./Core/Src/stm32c0xx_it.o
                                      0x776ba (size before relaxing)
 .debug_str     0x000000000007aeef       0xb7 ./Core/Src/system_stm32c0xx.o
                                      0x770e4 (size before relaxing)
 .debug_str     0x000000000007afa6      0x1f8 ./Core/Src/tim.o
                                      0x77922 (size before relaxing)
 .debug_str     0x000000000007b19e      0x3c5 ./Core/Src/usart.o
                                      0x7788b (size before relaxing)
 .debug_str     0x000000000007b563       0x34 ./Core/Startup/startup_stm32c011f6px.o
                                         0x76 (size before relaxing)
 .debug_str     0x000000000007b597      0x475 ./Drivers/STM32C0xx_HAL_Driver/Src/stm32c0xx_hal.o
                                      0x77730 (size before relaxing)
 .debug_str     0x000000000007ba0c      0x249 ./Drivers/STM32C0xx_HAL_Driver/Src/stm32c0xx_hal_cortex.o
                                      0x774cc (size before relaxing)
 .debug_str     0x000000000007bc55      0x1ff ./Drivers/STM32C0xx_HAL_Driver/Src/stm32c0xx_hal_gpio.o
                                      0x772e3 (size before relaxing)
 .debug_str     0x000000000007be54      0x469 ./Drivers/STM32C0xx_HAL_Driver/Src/stm32c0xx_hal_rcc.o
                                      0x776d6 (size before relaxing)
 .debug_str     0x000000000007c2bd      0x128 ./Drivers/STM32C0xx_HAL_Driver/Src/stm32c0xx_hal_rcc_ex.o
                                      0x77354 (size before relaxing)
 .debug_str     0x000000000007c3e5      0xef3 ./Drivers/STM32C0xx_HAL_Driver/Src/stm32c0xx_hal_tim.o
                                      0x78613 (size before relaxing)
 .debug_str     0x000000000007d2d8      0x6d9 ./Drivers/STM32C0xx_HAL_Driver/Src/stm32c0xx_hal_tim_ex.o
                                      0x77fa1 (size before relaxing)
 .debug_str     0x000000000007d9b1      0x995 ./Drivers/STM32C0xx_HAL_Driver/Src/stm32c0xx_hal_uart.o
                                      0x7803b (size before relaxing)
 .debug_str     0x000000000007e346      0x264 ./Drivers/STM32C0xx_HAL_Driver/Src/stm32c0xx_hal_uart_ex.o
                                      0x77964 (size before relaxing)

.debug_frame    0x0000000000000000     0x2f80
 .debug_frame   0x0000000000000000       0x74 ./Core/Src/button.o
 .debug_frame   0x0000000000000074       0x30 ./Core/Src/gpio.o
 .debug_frame   0x00000000000000a4      0x10c ./Core/Src/main.o
 .debug_frame   0x00000000000001b0       0x30 ./Core/Src/stm32c0xx_hal_msp.o
 .debug_frame   0x00000000000001e0       0xb8 ./Core/Src/stm32c0xx_it.o
 .debug_frame   0x0000000000000298       0x4c ./Core/Src/system_stm32c0xx.o
 .debug_frame   0x00000000000002e4       0x6c ./Core/Src/tim.o
 .debug_frame   0x0000000000000350       0x6c ./Core/Src/usart.o
 .debug_frame   0x00000000000003bc      0x3a0 ./Drivers/STM32C0xx_HAL_Driver/Src/stm32c0xx_hal.o
 .debug_frame   0x000000000000075c      0x2fc ./Drivers/STM32C0xx_HAL_Driver/Src/stm32c0xx_hal_cortex.o
 .debug_frame   0x0000000000000a58      0x150 ./Drivers/STM32C0xx_HAL_Driver/Src/stm32c0xx_hal_gpio.o
 .debug_frame   0x0000000000000ba8      0x214 ./Drivers/STM32C0xx_HAL_Driver/Src/stm32c0xx_hal_rcc.o
 .debug_frame   0x0000000000000dbc       0xac ./Drivers/STM32C0xx_HAL_Driver/Src/stm32c0xx_hal_rcc_ex.o
 .debug_frame   0x0000000000000e68      0xf40 ./Drivers/STM32C0xx_HAL_Driver/Src/stm32c0xx_hal_tim.o
 .debug_frame   0x0000000000001da8      0x620 ./Drivers/STM32C0xx_HAL_Driver/Src/stm32c0xx_hal_tim_ex.o
 .debug_frame   0x00000000000023c8      0x8d4 ./Drivers/STM32C0xx_HAL_Driver/Src/stm32c0xx_hal_uart.o
 .debug_frame   0x0000000000002c9c      0x258 ./Drivers/STM32C0xx_HAL_Driver/Src/stm32c0xx_hal_uart_ex.o
 .debug_frame   0x0000000000002ef4       0x20 C:/ST/STM32CubeIDE_1.14.1/STM32CubeIDE/plugins/com.st.stm32cube.ide.mcu.externaltools.gnu-tools-for-stm32.11.3.rel1.win32_1.1.100.202309141235/tools/bin/../lib/gcc/arm-none-eabi/11.3.1/../../../../arm-none-eabi/lib/thumb/v6-m/nofp\libc_nano.a(libc_a-memset.o)
 .debug_frame   0x0000000000002f14       0x2c C:/ST/STM32CubeIDE_1.14.1/STM32CubeIDE/plugins/com.st.stm32cube.ide.mcu.externaltools.gnu-tools-for-stm32.11.3.rel1.win32_1.1.100.202309141235/tools/bin/../lib/gcc/arm-none-eabi/11.3.1/../../../../arm-none-eabi/lib/thumb/v6-m/nofp\libc_nano.a(libc_a-init.o)
 .debug_frame   0x0000000000002f40       0x20 C:/ST/STM32CubeIDE_1.14.1/STM32CubeIDE/plugins/com.st.stm32cube.ide.mcu.externaltools.gnu-tools-for-stm32.11.3.rel1.win32_1.1.100.202309141235/tools/bin/../lib/gcc/arm-none-eabi/11.3.1/thumb/v6-m/nofp\libgcc.a(_udivsi3.o)
 .debug_frame   0x0000000000002f60       0x20 C:/ST/STM32CubeIDE_1.14.1/STM32CubeIDE/plugins/com.st.stm32cube.ide.mcu.externaltools.gnu-tools-for-stm32.11.3.rel1.win32_1.1.100.202309141235/tools/bin/../lib/gcc/arm-none-eabi/11.3.1/thumb/v6-m/nofp\libgcc.a(_divsi3.o)

.debug_line_str
                0x0000000000000000       0x6a
 .debug_line_str
                0x0000000000000000       0x6a ./Core/Startup/startup_stm32c011f6px.o
                                         0x82 (size before relaxing)
